Archive member included to satisfy reference by file (symbol)

c:/program files (x86)/atmel/studio/7.0/toolchain/avr8/avr8-gnu-toolchain/bin/../lib/gcc/avr/5.4.0/avr6\libgcc.a(_exit.o)
                              C:/Program Files (x86)/Atmel/Studio/7.0/Packs/atmel/ATmega_DFP/1.7.374/gcc/dev/atmega2560/avr6/crtatmega2560.o (exit)
c:/program files (x86)/atmel/studio/7.0/toolchain/avr8/avr8-gnu-toolchain/bin/../lib/gcc/avr/5.4.0/avr6\libgcc.a(_copy_data.o)
                              main.o (__do_copy_data)
c:/program files (x86)/atmel/studio/7.0/toolchain/avr8/avr8-gnu-toolchain/bin/../lib/gcc/avr/5.4.0/avr6\libgcc.a(_clear_bss.o)
                              main.o (__do_clear_bss)

Allocating common symbols
Common symbol       size              file

variavel_inatividade
                    0x1               main.o
n                   0x1               main.o
saldo               0x64              main.o
campo_dados         0x64              main.o
variavelK           0x1               main.o
tempo_expirado      0x1               main.o
inatividade         0x1               main.o
vetor_auxiliar      0x4               main.o

Discarded input sections

 .data          0x00000000        0x0 C:/Program Files (x86)/Atmel/Studio/7.0/Packs/atmel/ATmega_DFP/1.7.374/gcc/dev/atmega2560/avr6/crtatmega2560.o
 .bss           0x00000000        0x0 C:/Program Files (x86)/Atmel/Studio/7.0/Packs/atmel/ATmega_DFP/1.7.374/gcc/dev/atmega2560/avr6/crtatmega2560.o
 .text          0x00000000        0x0 atrasos.o
 .data          0x00000000        0x0 atrasos.o
 .bss           0x00000000        0x0 atrasos.o
 .text          0x00000000        0x0 comunicacao.o
 .data          0x00000000        0x0 comunicacao.o
 .bss           0x00000000        0x0 comunicacao.o
 .text          0x00000000        0x0 DataHora.o
 .data          0x00000000        0x0 DataHora.o
 .bss           0x00000000        0x0 DataHora.o
 .text          0x00000000        0x0 DISPLAY.o
 .data          0x00000000        0x0 DISPLAY.o
 .bss           0x00000000        0x0 DISPLAY.o
 .text          0x00000000        0x0 main.o
 .data          0x00000000        0x0 main.o
 .bss           0x00000000        0x0 main.o
 .text          0x00000000        0x0 operacoes.o
 .data          0x00000000        0x0 operacoes.o
 .bss           0x00000000        0x0 operacoes.o
 .text          0x00000000        0x0 SERIAL.o
 .data          0x00000000        0x0 SERIAL.o
 .bss           0x00000000        0x0 SERIAL.o
 .text          0x00000000        0x0 teclado.o
 .data          0x00000000        0x0 teclado.o
 .bss           0x00000000        0x0 teclado.o
 .text          0x00000000        0x0 c:/program files (x86)/atmel/studio/7.0/toolchain/avr8/avr8-gnu-toolchain/bin/../lib/gcc/avr/5.4.0/avr6\libgcc.a(_exit.o)
 .data          0x00000000        0x0 c:/program files (x86)/atmel/studio/7.0/toolchain/avr8/avr8-gnu-toolchain/bin/../lib/gcc/avr/5.4.0/avr6\libgcc.a(_exit.o)
 .bss           0x00000000        0x0 c:/program files (x86)/atmel/studio/7.0/toolchain/avr8/avr8-gnu-toolchain/bin/../lib/gcc/avr/5.4.0/avr6\libgcc.a(_exit.o)
 .text.libgcc.mul
                0x00000000        0x0 c:/program files (x86)/atmel/studio/7.0/toolchain/avr8/avr8-gnu-toolchain/bin/../lib/gcc/avr/5.4.0/avr6\libgcc.a(_exit.o)
 .text.libgcc.div
                0x00000000        0x0 c:/program files (x86)/atmel/studio/7.0/toolchain/avr8/avr8-gnu-toolchain/bin/../lib/gcc/avr/5.4.0/avr6\libgcc.a(_exit.o)
 .text.libgcc   0x00000000        0x0 c:/program files (x86)/atmel/studio/7.0/toolchain/avr8/avr8-gnu-toolchain/bin/../lib/gcc/avr/5.4.0/avr6\libgcc.a(_exit.o)
 .text.libgcc.prologue
                0x00000000        0x0 c:/program files (x86)/atmel/studio/7.0/toolchain/avr8/avr8-gnu-toolchain/bin/../lib/gcc/avr/5.4.0/avr6\libgcc.a(_exit.o)
 .text.libgcc.builtins
                0x00000000        0x0 c:/program files (x86)/atmel/studio/7.0/toolchain/avr8/avr8-gnu-toolchain/bin/../lib/gcc/avr/5.4.0/avr6\libgcc.a(_exit.o)
 .text.libgcc.fmul
                0x00000000        0x0 c:/program files (x86)/atmel/studio/7.0/toolchain/avr8/avr8-gnu-toolchain/bin/../lib/gcc/avr/5.4.0/avr6\libgcc.a(_exit.o)
 .text.libgcc.fixed
                0x00000000        0x0 c:/program files (x86)/atmel/studio/7.0/toolchain/avr8/avr8-gnu-toolchain/bin/../lib/gcc/avr/5.4.0/avr6\libgcc.a(_exit.o)
 .text          0x00000000        0x0 c:/program files (x86)/atmel/studio/7.0/toolchain/avr8/avr8-gnu-toolchain/bin/../lib/gcc/avr/5.4.0/avr6\libgcc.a(_copy_data.o)
 .data          0x00000000        0x0 c:/program files (x86)/atmel/studio/7.0/toolchain/avr8/avr8-gnu-toolchain/bin/../lib/gcc/avr/5.4.0/avr6\libgcc.a(_copy_data.o)
 .bss           0x00000000        0x0 c:/program files (x86)/atmel/studio/7.0/toolchain/avr8/avr8-gnu-toolchain/bin/../lib/gcc/avr/5.4.0/avr6\libgcc.a(_copy_data.o)
 .text.libgcc.mul
                0x00000000        0x0 c:/program files (x86)/atmel/studio/7.0/toolchain/avr8/avr8-gnu-toolchain/bin/../lib/gcc/avr/5.4.0/avr6\libgcc.a(_copy_data.o)
 .text.libgcc.div
                0x00000000        0x0 c:/program files (x86)/atmel/studio/7.0/toolchain/avr8/avr8-gnu-toolchain/bin/../lib/gcc/avr/5.4.0/avr6\libgcc.a(_copy_data.o)
 .text.libgcc   0x00000000        0x0 c:/program files (x86)/atmel/studio/7.0/toolchain/avr8/avr8-gnu-toolchain/bin/../lib/gcc/avr/5.4.0/avr6\libgcc.a(_copy_data.o)
 .text.libgcc.prologue
                0x00000000        0x0 c:/program files (x86)/atmel/studio/7.0/toolchain/avr8/avr8-gnu-toolchain/bin/../lib/gcc/avr/5.4.0/avr6\libgcc.a(_copy_data.o)
 .text.libgcc.builtins
                0x00000000        0x0 c:/program files (x86)/atmel/studio/7.0/toolchain/avr8/avr8-gnu-toolchain/bin/../lib/gcc/avr/5.4.0/avr6\libgcc.a(_copy_data.o)
 .text.libgcc.fmul
                0x00000000        0x0 c:/program files (x86)/atmel/studio/7.0/toolchain/avr8/avr8-gnu-toolchain/bin/../lib/gcc/avr/5.4.0/avr6\libgcc.a(_copy_data.o)
 .text.libgcc.fixed
                0x00000000        0x0 c:/program files (x86)/atmel/studio/7.0/toolchain/avr8/avr8-gnu-toolchain/bin/../lib/gcc/avr/5.4.0/avr6\libgcc.a(_copy_data.o)
 .text          0x00000000        0x0 c:/program files (x86)/atmel/studio/7.0/toolchain/avr8/avr8-gnu-toolchain/bin/../lib/gcc/avr/5.4.0/avr6\libgcc.a(_clear_bss.o)
 .data          0x00000000        0x0 c:/program files (x86)/atmel/studio/7.0/toolchain/avr8/avr8-gnu-toolchain/bin/../lib/gcc/avr/5.4.0/avr6\libgcc.a(_clear_bss.o)
 .bss           0x00000000        0x0 c:/program files (x86)/atmel/studio/7.0/toolchain/avr8/avr8-gnu-toolchain/bin/../lib/gcc/avr/5.4.0/avr6\libgcc.a(_clear_bss.o)
 .text.libgcc.mul
                0x00000000        0x0 c:/program files (x86)/atmel/studio/7.0/toolchain/avr8/avr8-gnu-toolchain/bin/../lib/gcc/avr/5.4.0/avr6\libgcc.a(_clear_bss.o)
 .text.libgcc.div
                0x00000000        0x0 c:/program files (x86)/atmel/studio/7.0/toolchain/avr8/avr8-gnu-toolchain/bin/../lib/gcc/avr/5.4.0/avr6\libgcc.a(_clear_bss.o)
 .text.libgcc   0x00000000        0x0 c:/program files (x86)/atmel/studio/7.0/toolchain/avr8/avr8-gnu-toolchain/bin/../lib/gcc/avr/5.4.0/avr6\libgcc.a(_clear_bss.o)
 .text.libgcc.prologue
                0x00000000        0x0 c:/program files (x86)/atmel/studio/7.0/toolchain/avr8/avr8-gnu-toolchain/bin/../lib/gcc/avr/5.4.0/avr6\libgcc.a(_clear_bss.o)
 .text.libgcc.builtins
                0x00000000        0x0 c:/program files (x86)/atmel/studio/7.0/toolchain/avr8/avr8-gnu-toolchain/bin/../lib/gcc/avr/5.4.0/avr6\libgcc.a(_clear_bss.o)
 .text.libgcc.fmul
                0x00000000        0x0 c:/program files (x86)/atmel/studio/7.0/toolchain/avr8/avr8-gnu-toolchain/bin/../lib/gcc/avr/5.4.0/avr6\libgcc.a(_clear_bss.o)
 .text.libgcc.fixed
                0x00000000        0x0 c:/program files (x86)/atmel/studio/7.0/toolchain/avr8/avr8-gnu-toolchain/bin/../lib/gcc/avr/5.4.0/avr6\libgcc.a(_clear_bss.o)

Memory Configuration

Name             Origin             Length             Attributes
text             0x00000000         0x00040000         xr
data             0x00800200         0x00002000         rw !x
eeprom           0x00810000         0x00001000         rw !x
fuse             0x00820000         0x00000003         rw !x
lock             0x00830000         0x00000400         rw !x
signature        0x00840000         0x00000400         rw !x
user_signatures  0x00850000         0x00000400         rw !x
*default*        0x00000000         0xffffffff

Linker script and memory map

Address of section .data set to 0x800200
LOAD C:/Program Files (x86)/Atmel/Studio/7.0/Packs/atmel/ATmega_DFP/1.7.374/gcc/dev/atmega2560/avr6/crtatmega2560.o
LOAD atrasos.o
LOAD comunicacao.o
LOAD DataHora.o
LOAD DISPLAY.o
LOAD main.o
LOAD operacoes.o
LOAD SERIAL.o
LOAD teclado.o
START GROUP
LOAD c:/program files (x86)/atmel/studio/7.0/toolchain/avr8/avr8-gnu-toolchain/bin/../lib/gcc/avr/5.4.0/../../../../avr/lib/avr6\libm.a
END GROUP
START GROUP
LOAD c:/program files (x86)/atmel/studio/7.0/toolchain/avr8/avr8-gnu-toolchain/bin/../lib/gcc/avr/5.4.0/avr6\libgcc.a
LOAD c:/program files (x86)/atmel/studio/7.0/toolchain/avr8/avr8-gnu-toolchain/bin/../lib/gcc/avr/5.4.0/../../../../avr/lib/avr6\libm.a
LOAD c:/program files (x86)/atmel/studio/7.0/toolchain/avr8/avr8-gnu-toolchain/bin/../lib/gcc/avr/5.4.0/../../../../avr/lib/avr6\libc.a
LOAD C:/Program Files (x86)/Atmel/Studio/7.0/Packs/atmel/ATmega_DFP/1.7.374/gcc/dev/atmega2560/avr6\libatmega2560.a
END GROUP
                0x00000000                __TEXT_REGION_ORIGIN__ = DEFINED (__TEXT_REGION_ORIGIN__)?__TEXT_REGION_ORIGIN__:0x0
                [0x00800200]                __DATA_REGION_ORIGIN__ = DEFINED (__DATA_REGION_ORIGIN__)?__DATA_REGION_ORIGIN__:0x800200
                [0x00040000]                __TEXT_REGION_LENGTH__ = DEFINED (__TEXT_REGION_LENGTH__)?__TEXT_REGION_LENGTH__:0x100000
                [0x00002000]                __DATA_REGION_LENGTH__ = DEFINED (__DATA_REGION_LENGTH__)?__DATA_REGION_LENGTH__:0xfe00
                [0x00001000]                __EEPROM_REGION_LENGTH__ = DEFINED (__EEPROM_REGION_LENGTH__)?__EEPROM_REGION_LENGTH__:0x10000
                [0x00000003]                __FUSE_REGION_LENGTH__ = DEFINED (__FUSE_REGION_LENGTH__)?__FUSE_REGION_LENGTH__:0x400
                0x00000400                __LOCK_REGION_LENGTH__ = DEFINED (__LOCK_REGION_LENGTH__)?__LOCK_REGION_LENGTH__:0x400
                0x00000400                __SIGNATURE_REGION_LENGTH__ = DEFINED (__SIGNATURE_REGION_LENGTH__)?__SIGNATURE_REGION_LENGTH__:0x400
                0x00000400                __USER_SIGNATURE_REGION_LENGTH__ = DEFINED (__USER_SIGNATURE_REGION_LENGTH__)?__USER_SIGNATURE_REGION_LENGTH__:0x400

.hash
 *(.hash)

.dynsym
 *(.dynsym)

.dynstr
 *(.dynstr)

.gnu.version
 *(.gnu.version)

.gnu.version_d
 *(.gnu.version_d)

.gnu.version_r
 *(.gnu.version_r)

.rel.init
 *(.rel.init)

.rela.init
 *(.rela.init)

.rel.text
 *(.rel.text)
 *(.rel.text.*)
 *(.rel.gnu.linkonce.t*)

.rela.text
 *(.rela.text)
 *(.rela.text.*)
 *(.rela.gnu.linkonce.t*)

.rel.fini
 *(.rel.fini)

.rela.fini
 *(.rela.fini)

.rel.rodata
 *(.rel.rodata)
 *(.rel.rodata.*)
 *(.rel.gnu.linkonce.r*)

.rela.rodata
 *(.rela.rodata)
 *(.rela.rodata.*)
 *(.rela.gnu.linkonce.r*)

.rel.data
 *(.rel.data)
 *(.rel.data.*)
 *(.rel.gnu.linkonce.d*)

.rela.data
 *(.rela.data)
 *(.rela.data.*)
 *(.rela.gnu.linkonce.d*)

.rel.ctors
 *(.rel.ctors)

.rela.ctors
 *(.rela.ctors)

.rel.dtors
 *(.rel.dtors)

.rela.dtors
 *(.rela.dtors)

.rel.got
 *(.rel.got)

.rela.got
 *(.rela.got)

.rel.bss
 *(.rel.bss)

.rela.bss
 *(.rela.bss)

.rel.plt
 *(.rel.plt)

.rela.plt
 *(.rela.plt)

.text           0x00000000      0xe9e
 *(.vectors)
 .vectors       0x00000000       0xe4 C:/Program Files (x86)/Atmel/Studio/7.0/Packs/atmel/ATmega_DFP/1.7.374/gcc/dev/atmega2560/avr6/crtatmega2560.o
                0x00000000                __vector_default
                0x00000000                __vectors
 *(.vectors)
 *(.progmem.gcc*)
                0x000000e4                . = ALIGN (0x2)
                0x000000e4                __trampolines_start = .
 *(.trampolines)
 .trampolines   0x000000e4        0x0 linker stubs
 *(.trampolines*)
                0x000000e4                __trampolines_end = .
 *libprintf_flt.a:*(.progmem.data)
 *libc.a:*(.progmem.data)
 *(.progmem*)
                0x000000e4                . = ALIGN (0x2)
 *(.jumptables)
 *(.jumptables*)
 *(.lowtext)
 *(.lowtext*)
                0x000000e4                __ctors_start = .
 *(.ctors)
                0x000000e4                __ctors_end = .
                0x000000e4                __dtors_start = .
 *(.dtors)
                0x000000e4                __dtors_end = .
 SORT(*)(.ctors)
 SORT(*)(.dtors)
 *(.init0)
 .init0         0x000000e4        0x0 C:/Program Files (x86)/Atmel/Studio/7.0/Packs/atmel/ATmega_DFP/1.7.374/gcc/dev/atmega2560/avr6/crtatmega2560.o
                0x000000e4                __init
 *(.init0)
 *(.init1)
 *(.init1)
 *(.init2)
 .init2         0x000000e4       0x10 C:/Program Files (x86)/Atmel/Studio/7.0/Packs/atmel/ATmega_DFP/1.7.374/gcc/dev/atmega2560/avr6/crtatmega2560.o
 *(.init2)
 *(.init3)
 *(.init3)
 *(.init4)
 .init4         0x000000f4       0x1a c:/program files (x86)/atmel/studio/7.0/toolchain/avr8/avr8-gnu-toolchain/bin/../lib/gcc/avr/5.4.0/avr6\libgcc.a(_copy_data.o)
                0x000000f4                __do_copy_data
 .init4         0x0000010e       0x10 c:/program files (x86)/atmel/studio/7.0/toolchain/avr8/avr8-gnu-toolchain/bin/../lib/gcc/avr/5.4.0/avr6\libgcc.a(_clear_bss.o)
                0x0000010e                __do_clear_bss
 *(.init4)
 *(.init5)
 *(.init5)
 *(.init6)
 *(.init6)
 *(.init7)
 *(.init7)
 *(.init8)
 *(.init8)
 *(.init9)
 .init9         0x0000011e        0x4 C:/Program Files (x86)/Atmel/Studio/7.0/Packs/atmel/ATmega_DFP/1.7.374/gcc/dev/atmega2560/avr6/crtatmega2560.o
 *(.init9)
 *(.text)
 .text          0x00000122        0x2 C:/Program Files (x86)/Atmel/Studio/7.0/Packs/atmel/ATmega_DFP/1.7.374/gcc/dev/atmega2560/avr6/crtatmega2560.o
                0x00000122                __vector_38
                0x00000122                __vector_22
                0x00000122                __vector_28
                0x00000122                __vector_1
                0x00000122                __vector_32
                0x00000122                __vector_34
                0x00000122                __vector_24
                0x00000122                __vector_12
                0x00000122                __vector_55
                0x00000122                __vector_46
                0x00000122                __bad_interrupt
                0x00000122                __vector_6
                0x00000122                __vector_31
                0x00000122                __vector_35
                0x00000122                __vector_39
                0x00000122                __vector_3
                0x00000122                __vector_23
                0x00000122                __vector_30
                0x00000122                __vector_45
                0x00000122                __vector_11
                0x00000122                __vector_54
                0x00000122                __vector_13
                0x00000122                __vector_19
                0x00000122                __vector_56
                0x00000122                __vector_7
                0x00000122                __vector_49
                0x00000122                __vector_41
                0x00000122                __vector_43
                0x00000122                __vector_27
                0x00000122                __vector_5
                0x00000122                __vector_33
                0x00000122                __vector_47
                0x00000122                __vector_52
                0x00000122                __vector_37
                0x00000122                __vector_4
                0x00000122                __vector_44
                0x00000122                __vector_51
                0x00000122                __vector_9
                0x00000122                __vector_2
                0x00000122                __vector_21
                0x00000122                __vector_15
                0x00000122                __vector_36
                0x00000122                __vector_29
                0x00000122                __vector_40
                0x00000122                __vector_8
                0x00000122                __vector_26
                0x00000122                __vector_48
                0x00000122                __vector_14
                0x00000122                __vector_53
                0x00000122                __vector_10
                0x00000122                __vector_50
                0x00000122                __vector_16
                0x00000122                __vector_18
                0x00000122                __vector_20
                0x00000122                __vector_42
                0x00000124                . = ALIGN (0x2)
 *(.text.*)
 .text.delay_ms
                0x00000124       0x2a atrasos.o
                0x00000124                delay_ms
 .text.delay_us
                0x0000014e       0x2a atrasos.o
                0x0000014e                delay_us
 .text.comunica_saque
                0x00000178       0x2c comunicacao.o
                0x00000178                comunica_saque
 .text.comunica_saldo
                0x000001a4       0x1e comunicacao.o
                0x000001a4                comunica_saldo
 .text.comunica_fechamento
                0x000001c2       0x1e comunicacao.o
                0x000001c2                comunica_fechamento
 .text.comunica_liberacao
                0x000001e0       0x1e comunicacao.o
                0x000001e0                comunica_liberacao
 .text.comunica_travamento
                0x000001fe       0x1e comunicacao.o
                0x000001fe                comunica_travamento
 .text.comunica_horario
                0x0000021c       0x1e comunicacao.o
                0x0000021c                comunica_horario
 .text.comunica_entrada
                0x0000023a       0x1e comunicacao.o
                0x0000023a                comunica_entrada
 .text.comunica_operando
                0x00000258       0x1e comunicacao.o
                0x00000258                comunica_operando
 .text.timer1_init
                0x00000276       0x28 DataHora.o
                0x00000276                timer1_init
 .text.cmd_DISPLAY
                0x0000029e       0x4e DISPLAY.o
                0x0000029e                cmd_DISPLAY
 .text.INIT_DISPLAY
                0x000002ec       0x4c DISPLAY.o
                0x000002ec                INIT_DISPLAY
 .text.char_DISPLAY
                0x00000338       0x4e DISPLAY.o
                0x00000338                char_DISPLAY
 .text.str_DISPLAY
                0x00000386       0x3e DISPLAY.o
                0x00000386                str_DISPLAY
 .text.limpa_display
                0x000003c4        0xa DISPLAY.o
                0x000003c4                limpa_display
 .text.main     0x000003ce      0x1aa main.o
                0x000003ce                main
 .text.__vector_25
                0x00000578      0x3e0 main.o
                0x00000578                __vector_25
 .text.__vector_17
                0x00000958      0x182 main.o
                0x00000958                __vector_17
 .text.saque_func
                0x00000ada      0x278 operacoes.o
                0x00000ada                saque_func
 .text.INIT_SERIAL
                0x00000d52       0x1e SERIAL.o
                0x00000d52                INIT_SERIAL
 .text.config_teclado
                0x00000d70        0xa teclado.o
                0x00000d70                config_teclado
 .text.debounce
                0x00000d7a       0x44 teclado.o
                0x00000d7a                debounce
 .text.le_teclas
                0x00000dbe       0xdc teclado.o
                0x00000dbe                le_teclas
                0x00000e9a                . = ALIGN (0x2)
 *(.fini9)
 .fini9         0x00000e9a        0x0 c:/program files (x86)/atmel/studio/7.0/toolchain/avr8/avr8-gnu-toolchain/bin/../lib/gcc/avr/5.4.0/avr6\libgcc.a(_exit.o)
                0x00000e9a                _exit
                0x00000e9a                exit
 *(.fini9)
 *(.fini8)
 *(.fini8)
 *(.fini7)
 *(.fini7)
 *(.fini6)
 *(.fini6)
 *(.fini5)
 *(.fini5)
 *(.fini4)
 *(.fini4)
 *(.fini3)
 *(.fini3)
 *(.fini2)
 *(.fini2)
 *(.fini1)
 *(.fini1)
 *(.fini0)
 .fini0         0x00000e9a        0x4 c:/program files (x86)/atmel/studio/7.0/toolchain/avr8/avr8-gnu-toolchain/bin/../lib/gcc/avr/5.4.0/avr6\libgcc.a(_exit.o)
 *(.fini0)
                0x00000e9e                _etext = .

.data           0x00800200      0x166 load address 0x00000e9e
                0x00800200                PROVIDE (__data_start, .)
 *(.data)
 *(.data*)
 .data.alternador
                0x00800200        0x1 main.o
                0x00800200                alternador
 .data.str      0x00800201        0x4 main.o
                0x00800201                str
 *(.gnu.linkonce.d*)
 *(.rodata)
 .rodata        0x00800205        0xc teclado.o
 *(.rodata*)
 .rodata.str1.1
                0x00800211      0x119 main.o
 .rodata.dias_por_mes
                0x0080032a        0xc main.o
                0x0080032a                dias_por_mes
 .rodata.str1.1
                0x00800336       0x2f operacoes.o
                                 0x32 (size before relaxing)
 *(.gnu.linkonce.r*)
                0x00800366                . = ALIGN (0x2)
 *fill*         0x00800365        0x1 
                0x00800366                _edata = .
                0x00800366                PROVIDE (__data_end, .)

.bss            0x00800366       0xd8
                0x00800366                PROVIDE (__bss_start, .)
 *(.bss)
 *(.bss*)
 .bss.contador  0x00800366        0x1 main.o
                0x00800366                contador
 .bss.aux       0x00800367        0x1 main.o
                0x00800367                aux
 .bss.resposta_saldo
                0x00800368        0x1 main.o
                0x00800368                resposta_saldo
 .bss.resposta_saque
                0x00800369        0x1 main.o
                0x00800369                resposta_saque
 .bss.recebe_dados
                0x0080036a        0x1 main.o
                0x0080036a                recebe_dados
 .bss.recebe_horario
                0x0080036b        0x1 main.o
                0x0080036b                recebe_horario
 .bss.recebendo
                0x0080036c        0x1 main.o
                0x0080036c                recebendo
 *(COMMON)
 COMMON         0x0080036d       0xd1 main.o
                0x0080036d                variavel_inatividade
                0x0080036e                n
                0x0080036f                saldo
                0x008003d3                campo_dados
                0x00800437                variavelK
                0x00800438                tempo_expirado
                0x00800439                inatividade
                0x0080043a                vetor_auxiliar
                0x0080043e                PROVIDE (__bss_end, .)
                0x00000e9e                __data_load_start = LOADADDR (.data)
                0x00001004                __data_load_end = (__data_load_start + SIZEOF (.data))

.noinit         0x0080043e        0x0
                [!provide]                PROVIDE (__noinit_start, .)
 *(.noinit*)
                [!provide]                PROVIDE (__noinit_end, .)
                0x0080043e                _end = .
                [!provide]                PROVIDE (__heap_start, .)

.eeprom         0x00810000        0x0
 *(.eeprom*)
                0x00810000                __eeprom_end = .

.fuse
 *(.fuse)
 *(.lfuse)
 *(.hfuse)
 *(.efuse)

.lock
 *(.lock*)

.signature
 *(.signature*)

.user_signatures
 *(.user_signatures*)

.stab
 *(.stab)

.stabstr
 *(.stabstr)

.stab.excl
 *(.stab.excl)

.stab.exclstr
 *(.stab.exclstr)

.stab.index
 *(.stab.index)

.stab.indexstr
 *(.stab.indexstr)

.comment        0x00000000       0x30
 *(.comment)
 .comment       0x00000000       0x30 atrasos.o
                                 0x31 (size before relaxing)
 .comment       0x00000030       0x31 comunicacao.o
 .comment       0x00000030       0x31 DataHora.o
 .comment       0x00000030       0x31 DISPLAY.o
 .comment       0x00000030       0x31 main.o
 .comment       0x00000030       0x31 operacoes.o
 .comment       0x00000030       0x31 SERIAL.o
 .comment       0x00000030       0x31 teclado.o

.note.gnu.avr.deviceinfo
                0x00000000       0x40
 .note.gnu.avr.deviceinfo
                0x00000000       0x40 C:/Program Files (x86)/Atmel/Studio/7.0/Packs/atmel/ATmega_DFP/1.7.374/gcc/dev/atmega2560/avr6/crtatmega2560.o

.note.gnu.build-id
 *(.note.gnu.build-id)

.debug
 *(.debug)

.line
 *(.line)

.debug_srcinfo
 *(.debug_srcinfo)

.debug_sfnames
 *(.debug_sfnames)

.debug_aranges  0x00000000      0x180
 *(.debug_aranges)
 .debug_aranges
                0x00000000       0x28 atrasos.o
 .debug_aranges
                0x00000028       0x58 comunicacao.o
 .debug_aranges
                0x00000080       0x20 DataHora.o
 .debug_aranges
                0x000000a0       0x40 DISPLAY.o
 .debug_aranges
                0x000000e0       0x30 main.o
 .debug_aranges
                0x00000110       0x20 operacoes.o
 .debug_aranges
                0x00000130       0x20 SERIAL.o
 .debug_aranges
                0x00000150       0x30 teclado.o

.debug_pubnames
 *(.debug_pubnames)

.debug_info     0x00000000     0x1f88
 *(.debug_info .gnu.linkonce.wi.*)
 .debug_info    0x00000000      0xbbc C:/Program Files (x86)/Atmel/Studio/7.0/Packs/atmel/ATmega_DFP/1.7.374/gcc/dev/atmega2560/avr6/crtatmega2560.o
 .debug_info    0x00000bbc       0xd7 atrasos.o
 .debug_info    0x00000c93      0x115 comunicacao.o
 .debug_info    0x00000da8       0x8e DataHora.o
 .debug_info    0x00000e36      0x243 DISPLAY.o
 .debug_info    0x00001079      0x94e main.o
 .debug_info    0x000019c7      0x337 operacoes.o
 .debug_info    0x00001cfe       0x8e SERIAL.o
 .debug_info    0x00001d8c      0x1fc teclado.o

.debug_abbrev   0x00000000     0x1128
 *(.debug_abbrev)
 .debug_abbrev  0x00000000      0xb1a C:/Program Files (x86)/Atmel/Studio/7.0/Packs/atmel/ATmega_DFP/1.7.374/gcc/dev/atmega2560/avr6/crtatmega2560.o
 .debug_abbrev  0x00000b1a       0x89 atrasos.o
 .debug_abbrev  0x00000ba3       0x4f comunicacao.o
 .debug_abbrev  0x00000bf2       0x51 DataHora.o
 .debug_abbrev  0x00000c43      0x114 DISPLAY.o
 .debug_abbrev  0x00000d57      0x16b main.o
 .debug_abbrev  0x00000ec2       0xf2 operacoes.o
 .debug_abbrev  0x00000fb4       0x51 SERIAL.o
 .debug_abbrev  0x00001005      0x123 teclado.o

.debug_line     0x00000000     0x16ed
 *(.debug_line .debug_line.* .debug_line_end)
 .debug_line    0x00000000      0x1fa C:/Program Files (x86)/Atmel/Studio/7.0/Packs/atmel/ATmega_DFP/1.7.374/gcc/dev/atmega2560/avr6/crtatmega2560.o
 .debug_line    0x000001fa      0x13a atrasos.o
 .debug_line    0x00000334      0x252 comunicacao.o
 .debug_line    0x00000586       0xb7 DataHora.o
 .debug_line    0x0000063d      0x1e2 DISPLAY.o
 .debug_line    0x0000081f      0x923 main.o
 .debug_line    0x00001142      0x378 operacoes.o
 .debug_line    0x000014ba       0xaf SERIAL.o
 .debug_line    0x00001569      0x184 teclado.o

.debug_frame    0x00000000      0x354
 *(.debug_frame)
 .debug_frame   0x00000000       0x34 atrasos.o
 .debug_frame   0x00000034       0x94 comunicacao.o
 .debug_frame   0x000000c8       0x24 DataHora.o
 .debug_frame   0x000000ec       0x80 DISPLAY.o
 .debug_frame   0x0000016c       0xfc main.o
 .debug_frame   0x00000268       0x48 operacoes.o
 .debug_frame   0x000002b0       0x24 SERIAL.o
 .debug_frame   0x000002d4       0x80 teclado.o

.debug_str      0x00000000      0x915
 *(.debug_str)
 .debug_str     0x00000000      0x3e6 C:/Program Files (x86)/Atmel/Studio/7.0/Packs/atmel/ATmega_DFP/1.7.374/gcc/dev/atmega2560/avr6/crtatmega2560.o
 .debug_str     0x000003e6      0x183 atrasos.o
                                0x1b7 (size before relaxing)
 .debug_str     0x00000569       0xa0 comunicacao.o
                                0x229 (size before relaxing)
 .debug_str     0x00000609       0x25 DataHora.o
                                0x1ae (size before relaxing)
 .debug_str     0x0000062e       0x5b DISPLAY.o
                                0x1f2 (size before relaxing)
 .debug_str     0x00000689      0x1be main.o
                                0x3ca (size before relaxing)
 .debug_str     0x00000847       0x22 operacoes.o
                                0x224 (size before relaxing)
 .debug_str     0x00000869        0xe SERIAL.o
                                0x1ac (size before relaxing)
 .debug_str     0x00000877       0x9e teclado.o
                                0x213 (size before relaxing)

.debug_loc      0x00000000      0x7d7
 *(.debug_loc)
 .debug_loc     0x00000000       0x3e atrasos.o
 .debug_loc     0x0000003e       0xed DISPLAY.o
 .debug_loc     0x0000012b      0x3e5 main.o
 .debug_loc     0x00000510      0x133 operacoes.o
 .debug_loc     0x00000643      0x194 teclado.o

.debug_macinfo
 *(.debug_macinfo)

.debug_weaknames
 *(.debug_weaknames)

.debug_funcnames
 *(.debug_funcnames)

.debug_typenames
 *(.debug_typenames)

.debug_varnames
 *(.debug_varnames)

.debug_pubtypes
 *(.debug_pubtypes)

.debug_ranges   0x00000000      0x100
 *(.debug_ranges)
 .debug_ranges  0x00000000       0x18 atrasos.o
 .debug_ranges  0x00000018       0x48 comunicacao.o
 .debug_ranges  0x00000060       0x10 DataHora.o
 .debug_ranges  0x00000070       0x30 DISPLAY.o
 .debug_ranges  0x000000a0       0x20 main.o
 .debug_ranges  0x000000c0       0x10 operacoes.o
 .debug_ranges  0x000000d0       0x10 SERIAL.o
 .debug_ranges  0x000000e0       0x20 teclado.o

.debug_macro
 *(.debug_macro)
OUTPUT(MicrosProjeto1.elf elf32-avr)
LOAD linker stubs
